  Determining projects to restore...
D:\Project Windsurf\Bilitool\src\BiliTool.Vn.Application\BiliTool.Vn.Application.csproj : warning NU1903: Package 'AutoMapper' 13.0.1 has a known high severity vulnerability, https://github.com/advisories/GHSA-rvv3-g6hj-g44x [D:\Project Windsurf\Bilitool\src\BiliTool.Vn.Web\BiliTool.Vn.Web.csproj]
  All projects are up-to-date for restore.
D:\Project Windsurf\Bilitool\src\BiliTool.Vn.Application\BiliTool.Vn.Application.csproj : warning NU1903: Package 'AutoMapper' 13.0.1 has a known high severity vulnerability, https://github.com/advisories/GHSA-rvv3-g6hj-g44x
  BiliTool.Vn.Domain -> D:\Project Windsurf\Bilitool\src\BiliTool.Vn.Domain\bin\Debug\net8.0\BiliTool.Vn.Domain.dll
  BiliTool.Vn.Application -> D:\Project Windsurf\Bilitool\src\BiliTool.Vn.Application\bin\Debug\net8.0\BiliTool.Vn.Application.dll
  BiliTool.Vn.Infrastructure -> D:\Project Windsurf\Bilitool\src\BiliTool.Vn.Infrastructure\bin\Debug\net8.0\BiliTool.Vn.Infrastructure.dll
D:\Project Windsurf\Bilitool\src\BiliTool.Vn.Web\App.razor(9,9): warning RZ10012: Found markup element with unexpected name 'PageTitle'. If this is intended to be a component, add a @using directive for its namespace. [D:\Project Windsurf\Bilitool\src\BiliTool.Vn.Web\BiliTool.Vn.Web.csproj]
D:\Project Windsurf\Bilitool\src\BiliTool.Vn.Web\Shared\MainLayout.razor(21,13): warning RZ10012: Found markup element with unexpected name 'NavLink'. If this is intended to be a component, add a @using directive for its namespace. [D:\Project Windsurf\Bilitool\src\BiliTool.Vn.Web\BiliTool.Vn.Web.csproj]
D:\Project Windsurf\Bilitool\src\BiliTool.Vn.Web\Shared\MainLayout.razor(26,13): warning RZ10012: Found markup element with unexpected name 'NavLink'. If this is intended to be a component, add a @using directive for its namespace. [D:\Project Windsurf\Bilitool\src\BiliTool.Vn.Web\BiliTool.Vn.Web.csproj]
D:\Project Windsurf\Bilitool\src\BiliTool.Vn.Web\Shared\MainLayout.razor(31,13): warning RZ10012: Found markup element with unexpected name 'NavLink'. If this is intended to be a component, add a @using directive for its namespace. [D:\Project Windsurf\Bilitool\src\BiliTool.Vn.Web\BiliTool.Vn.Web.csproj]
D:\Project Windsurf\Bilitool\src\BiliTool.Vn.Web\Shared\MainLayout.razor(36,13): warning RZ10012: Found markup element with unexpected name 'NavLink'. If this is intended to be a component, add a @using directive for its namespace. [D:\Project Windsurf\Bilitool\src\BiliTool.Vn.Web\BiliTool.Vn.Web.csproj]
D:\Project Windsurf\Bilitool\src\BiliTool.Vn.Web\Shared\MainLayout.razor(43,13): warning RZ10012: Found markup element with unexpected name 'NavLink'. If this is intended to be a component, add a @using directive for its namespace. [D:\Project Windsurf\Bilitool\src\BiliTool.Vn.Web\BiliTool.Vn.Web.csproj]
D:\Project Windsurf\Bilitool\src\BiliTool.Vn.Web\Shared\MainLayout.razor(48,13): warning RZ10012: Found markup element with unexpected name 'NavLink'. If this is intended to be a component, add a @using directive for its namespace. [D:\Project Windsurf\Bilitool\src\BiliTool.Vn.Web\BiliTool.Vn.Web.csproj]
D:\Project Windsurf\Bilitool\src\BiliTool.Vn.Web\Pages\_Imports.razor(11,24): error CS0234: The type or namespace name 'Components' does not exist in the namespace 'BiliTool.Vn.Web' (are you missing an assembly reference?) [D:\Project Windsurf\Bilitool\src\BiliTool.Vn.Web\BiliTool.Vn.Web.csproj]
D:\Project Windsurf\Bilitool\src\BiliTool.Vn.Web\Pages\_Imports.razor(11,24): error CS0234: The type or namespace name 'Components' does not exist in the namespace 'BiliTool.Vn.Web' (are you missing an assembly reference?) [D:\Project Windsurf\Bilitool\src\BiliTool.Vn.Web\BiliTool.Vn.Web.csproj]
D:\Project Windsurf\Bilitool\src\BiliTool.Vn.Web\Pages\MayTinh.razor(443,22): error CS0246: The type or namespace name 'IMediator' could not be found (are you missing a using directive or an assembly reference?) [D:\Project Windsurf\Bilitool\src\BiliTool.Vn.Web\BiliTool.Vn.Web.csproj]
D:\Project Windsurf\Bilitool\src\BiliTool.Vn.Web\Pages\MayTinh.razor(6,9): error CS0246: The type or namespace name 'IMediator' could not be found (are you missing a using directive or an assembly reference?) [D:\Project Windsurf\Bilitool\src\BiliTool.Vn.Web\BiliTool.Vn.Web.csproj]
D:\Project Windsurf\Bilitool\src\BiliTool.Vn.Web\Pages\MayTinh.razor(6,19): error CS0102: The type 'MayTinh' already contains a definition for 'Mediator' [D:\Project Windsurf\Bilitool\src\BiliTool.Vn.Web\BiliTool.Vn.Web.csproj]

Build FAILED.

D:\Project Windsurf\Bilitool\src\BiliTool.Vn.Application\BiliTool.Vn.Application.csproj : warning NU1903: Package 'AutoMapper' 13.0.1 has a known high severity vulnerability, https://github.com/advisories/GHSA-rvv3-g6hj-g44x [D:\Project Windsurf\Bilitool\src\BiliTool.Vn.Web\BiliTool.Vn.Web.csproj]
D:\Project Windsurf\Bilitool\src\BiliTool.Vn.Application\BiliTool.Vn.Application.csproj : warning NU1903: Package 'AutoMapper' 13.0.1 has a known high severity vulnerability, https://github.com/advisories/GHSA-rvv3-g6hj-g44x
D:\Project Windsurf\Bilitool\src\BiliTool.Vn.Web\App.razor(9,9): warning RZ10012: Found markup element with unexpected name 'PageTitle'. If this is intended to be a component, add a @using directive for its namespace. [D:\Project Windsurf\Bilitool\src\BiliTool.Vn.Web\BiliTool.Vn.Web.csproj]
D:\Project Windsurf\Bilitool\src\BiliTool.Vn.Web\Shared\MainLayout.razor(21,13): warning RZ10012: Found markup element with unexpected name 'NavLink'. If this is intended to be a component, add a @using directive for its namespace. [D:\Project Windsurf\Bilitool\src\BiliTool.Vn.Web\BiliTool.Vn.Web.csproj]
D:\Project Windsurf\Bilitool\src\BiliTool.Vn.Web\Shared\MainLayout.razor(26,13): warning RZ10012: Found markup element with unexpected name 'NavLink'. If this is intended to be a component, add a @using directive for its namespace. [D:\Project Windsurf\Bilitool\src\BiliTool.Vn.Web\BiliTool.Vn.Web.csproj]
D:\Project Windsurf\Bilitool\src\BiliTool.Vn.Web\Shared\MainLayout.razor(31,13): warning RZ10012: Found markup element with unexpected name 'NavLink'. If this is intended to be a component, add a @using directive for its namespace. [D:\Project Windsurf\Bilitool\src\BiliTool.Vn.Web\BiliTool.Vn.Web.csproj]
D:\Project Windsurf\Bilitool\src\BiliTool.Vn.Web\Shared\MainLayout.razor(36,13): warning RZ10012: Found markup element with unexpected name 'NavLink'. If this is intended to be a component, add a @using directive for its namespace. [D:\Project Windsurf\Bilitool\src\BiliTool.Vn.Web\BiliTool.Vn.Web.csproj]
D:\Project Windsurf\Bilitool\src\BiliTool.Vn.Web\Shared\MainLayout.razor(43,13): warning RZ10012: Found markup element with unexpected name 'NavLink'. If this is intended to be a component, add a @using directive for its namespace. [D:\Project Windsurf\Bilitool\src\BiliTool.Vn.Web\BiliTool.Vn.Web.csproj]
D:\Project Windsurf\Bilitool\src\BiliTool.Vn.Web\Shared\MainLayout.razor(48,13): warning RZ10012: Found markup element with unexpected name 'NavLink'. If this is intended to be a component, add a @using directive for its namespace. [D:\Project Windsurf\Bilitool\src\BiliTool.Vn.Web\BiliTool.Vn.Web.csproj]
D:\Project Windsurf\Bilitool\src\BiliTool.Vn.Web\Pages\_Imports.razor(11,24): error CS0234: The type or namespace name 'Components' does not exist in the namespace 'BiliTool.Vn.Web' (are you missing an assembly reference?) [D:\Project Windsurf\Bilitool\src\BiliTool.Vn.Web\BiliTool.Vn.Web.csproj]
D:\Project Windsurf\Bilitool\src\BiliTool.Vn.Web\Pages\_Imports.razor(11,24): error CS0234: The type or namespace name 'Components' does not exist in the namespace 'BiliTool.Vn.Web' (are you missing an assembly reference?) [D:\Project Windsurf\Bilitool\src\BiliTool.Vn.Web\BiliTool.Vn.Web.csproj]
D:\Project Windsurf\Bilitool\src\BiliTool.Vn.Web\Pages\MayTinh.razor(443,22): error CS0246: The type or namespace name 'IMediator' could not be found (are you missing a using directive or an assembly reference?) [D:\Project Windsurf\Bilitool\src\BiliTool.Vn.Web\BiliTool.Vn.Web.csproj]
D:\Project Windsurf\Bilitool\src\BiliTool.Vn.Web\Pages\MayTinh.razor(6,9): error CS0246: The type or namespace name 'IMediator' could not be found (are you missing a using directive or an assembly reference?) [D:\Project Windsurf\Bilitool\src\BiliTool.Vn.Web\BiliTool.Vn.Web.csproj]
D:\Project Windsurf\Bilitool\src\BiliTool.Vn.Web\Pages\MayTinh.razor(6,19): error CS0102: The type 'MayTinh' already contains a definition for 'Mediator' [D:\Project Windsurf\Bilitool\src\BiliTool.Vn.Web\BiliTool.Vn.Web.csproj]
    9 Warning(s)
    5 Error(s)

Time Elapsed 00:00:05.59
